{
  "TargetAPK": {
    "Name": "openjdk-10-jre",
    "Version": "10.0.2-r0",
    "OriginPackageName": "openjdk-10"
  },
  "Findings": [
    {
      "Package": {
        "ID": "285ea06abc1745e4",
        "Name": "openjdk-10-jre",
        "Version": "10.0.2-r0",
        "Type": "apk",
        "Location": "/.PKGINFO",
        "PURL": "pkg:apk/wolfi/openjdk-10-jre@10.0.2-r0?arch=x86_64\u0026origin=openjdk-10"
      },
      "Vulnerability": {
        "ID": "CVE-2023-21930",
        "Severity": "High",
        "Aliases": [],
        "FixedVersion": ""
      }
    },
    {
      "Package": {
        "ID": "285ea06abc1745e4",
        "Name": "openjdk-10-jre",
        "Version": "10.0.2-r0",
        "Type": "apk",
        "Location": "/.PKGINFO",
        "PURL": "pkg:apk/wolfi/openjdk-10-jre@10.0.2-r0?arch=x86_64\u0026origin=openjdk-10"
      },
      "Vulnerability": {
        "ID": "CVE-2023-21937",
        "Severity": "Low",
        "Aliases": [],
        "FixedVersion": ""
      }
    },
    {
      "Package": {
        "ID": "285ea06abc1745e4",
        "Name": "openjdk-10-jre",
        "Version": "10.0.2-r0",
        "Type": "apk",
        "Location": "/.PKGINFO",
        "PURL": "pkg:apk/wolfi/openjdk-10-jre@10.0.2-r0?arch=x86_64\u0026origin=openjdk-10"
      },
      "Vulnerability": {
        "ID": "CVE-2023-21938",
        "Severity": "Low",
        "Aliases": [],
        "FixedVersion": ""
      }
    },
    {
      "Package": {
        "ID": "285ea06abc1745e4",
        "Name": "openjdk-10-jre",
        "Version": "10.0.2-r0",
        "Type": "apk",
        "Location": "/.PKGINFO",
        "PURL": "pkg:apk/wolfi/openjdk-10-jre@10.0.2-r0?arch=x86_64\u0026origin=openjdk-10"
      },
      "Vulnerability": {
        "ID": "CVE-2023-21939",
        "Severity": "Medium",
        "Aliases": [],
        "FixedVersion": ""
      }
    },
    {
      "Package": {
        "ID": "285ea06abc1745e4",
        "Name": "openjdk-10-jre",
        "Version": "10.0.2-r0",
        "Type": "apk",
        "Location": "/.PKGINFO",
        "PURL": "pkg:apk/wolfi/openjdk-10-jre@10.0.2-r0?arch=x86_64\u0026origin=openjdk-10"
      },
      "Vulnerability": {
        "ID": "CVE-2023-21954",
        "Severity": "Medium",
        "Aliases": [],
        "FixedVersion": ""
      }
    },
    {
      "Package": {
        "ID": "285ea06abc1745e4",
        "Name": "openjdk-10-jre",
        "Version": "10.0.2-r0",
        "Type": "apk",
        "Location": "/.PKGINFO",
        "PURL": "pkg:apk/wolfi/openjdk-10-jre@10.0.2-r0?arch=x86_64\u0026origin=openjdk-10"
      },
      "Vulnerability": {
        "ID": "CVE-2023-21967",
        "Severity": "Medium",
        "Aliases": [],
        "FixedVersion": ""
      }
    },
    {
      "Package": {
        "ID": "285ea06abc1745e4",
        "Name": "openjdk-10-jre",
        "Version": "10.0.2-r0",
        "Type": "apk",
        "Location": "/.PKGINFO",
        "PURL": "pkg:apk/wolfi/openjdk-10-jre@10.0.2-r0?arch=x86_64\u0026origin=openjdk-10"
      },
      "Vulnerability": {
        "ID": "CVE-2023-21968",
        "Severity": "Low",
        "Aliases": [],
        "FixedVersion": ""
      }
    },
    {
      "Package": {
        "ID": "285ea06abc1745e4",
        "Name": "openjdk-10-jre",
        "Version": "10.0.2-r0",
        "Type": "apk",
        "Location": "/.PKGINFO",
        "PURL": "pkg:apk/wolfi/openjdk-10-jre@10.0.2-r0?arch=x86_64\u0026origin=openjdk-10"
      },
      "Vulnerability": {
        "ID": "CVE-2023-22041",
        "Severity": "Medium",
        "Aliases": [],
        "FixedVersion": ""
      }
    },
    {
      "Package": {
        "ID": "285ea06abc1745e4",
        "Name": "openjdk-10-jre",
        "Version": "10.0.2-r0",
        "Type": "apk",
        "Location": "/.PKGINFO",
        "PURL": "pkg:apk/wolfi/openjdk-10-jre@10.0.2-r0?arch=x86_64\u0026origin=openjdk-10"
      },
      "Vulnerability": {
        "ID": "CVE-2023-25193",
        "Severity": "High",
        "Aliases": [],
        "FixedVersion": ""
      }
    },
    {
      "Package": {
        "ID": "285ea06abc1745e4",
        "Name": "openjdk-10-jre",
        "Version": "10.0.2-r0",
        "Type": "apk",
        "Location": "/.PKGINFO",
        "PURL": "pkg:apk/wolfi/openjdk-10-jre@10.0.2-r0?arch=x86_64\u0026origin=openjdk-10"
      },
      "Vulnerability": {
        "ID": "CVE-2024-20918",
        "Severity": "High",
        "Aliases": [],
        "FixedVersion": ""
      }
    },
    {
      "Package": {
        "ID": "285ea06abc1745e4",
        "Name": "openjdk-10-jre",
        "Version": "10.0.2-r0",
        "Type": "apk",
        "Location": "/.PKGINFO",
        "PURL": "pkg:apk/wolfi/openjdk-10-jre@10.0.2-r0?arch=x86_64\u0026origin=openjdk-10"
      },
      "Vulnerability": {
        "ID": "CVE-2024-20919",
        "Severity": "Medium",
        "Aliases": [],
        "FixedVersion": ""
      }
    },
    {
      "Package": {
        "ID": "285ea06abc1745e4",
        "Name": "openjdk-10-jre",
        "Version": "10.0.2-r0",
        "Type": "apk",
        "Location": "/.PKGINFO",
        "PURL": "pkg:apk/wolfi/openjdk-10-jre@10.0.2-r0?arch=x86_64\u0026origin=openjdk-10"
      },
      "Vulnerability": {
        "ID": "CVE-2024-20921",
        "Severity": "Medium",
        "Aliases": [],
        "FixedVersion": ""
      }
    },
    {
      "Package": {
        "ID": "285ea06abc1745e4",
        "Name": "openjdk-10-jre",
        "Version": "10.0.2-r0",
        "Type": "apk",
        "Location": "/.PKGINFO",
        "PURL": "pkg:apk/wolfi/openjdk-10-jre@10.0.2-r0?arch=x86_64\u0026origin=openjdk-10"
      },
      "Vulnerability": {
        "ID": "CVE-2024-20926",
        "Severity": "Medium",
        "Aliases": [],
        "FixedVersion": ""
      }
    },
    {
      "Package": {
        "ID": "285ea06abc1745e4",
        "Name": "openjdk-10-jre",
        "Version": "10.0.2-r0",
        "Type": "apk",
        "Location": "/.PKGINFO",
        "PURL": "pkg:apk/wolfi/openjdk-10-jre@10.0.2-r0?arch=x86_64\u0026origin=openjdk-10"
      },
      "Vulnerability": {
        "ID": "CVE-2024-20945",
        "Severity": "Medium",
        "Aliases": [],
        "FixedVersion": ""
      }
    },
    {
      "Package": {
        "ID": "285ea06abc1745e4",
        "Name": "openjdk-10-jre",
        "Version": "10.0.2-r0",
        "Type": "apk",
        "Location": "/.PKGINFO",
        "PURL": "pkg:apk/wolfi/openjdk-10-jre@10.0.2-r0?arch=x86_64\u0026origin=openjdk-10"
      },
      "Vulnerability": {
        "ID": "CVE-2024-20952",
        "Severity": "High",
        "Aliases": [],
        "FixedVersion": ""
      }
    },
    {
      "Package": {
        "ID": "285ea06abc1745e4",
        "Name": "openjdk-10-jre",
        "Version": "10.0.2-r0",
        "Type": "apk",
        "Location": "/.PKGINFO",
        "PURL": "pkg:apk/wolfi/openjdk-10-jre@10.0.2-r0?arch=x86_64\u0026origin=openjdk-10"
      },
      "Vulnerability": {
        "ID": "CVE-2024-21011",
        "Severity": "Low",
        "Aliases": [],
        "FixedVersion": ""
      }
    },
    {
      "Package": {
        "ID": "285ea06abc1745e4",
        "Name": "openjdk-10-jre",
        "Version": "10.0.2-r0",
        "Type": "apk",
        "Location": "/.PKGINFO",
        "PURL": "pkg:apk/wolfi/openjdk-10-jre@10.0.2-r0?arch=x86_64\u0026origin=openjdk-10"
      },
      "Vulnerability": {
        "ID": "CVE-2024-21012",
        "Severity": "Low",
        "Aliases": [],
        "FixedVersion": ""
      }
    },
    {
      "Package": {
        "ID": "285ea06abc1745e4",
        "Name": "openjdk-10-jre",
        "Version": "10.0.2-r0",
        "Type": "apk",
        "Location": "/.PKGINFO",
        "PURL": "pkg:apk/wolfi/openjdk-10-jre@10.0.2-r0?arch=x86_64\u0026origin=openjdk-10"
      },
      "Vulnerability": {
        "ID": "CVE-2024-21068",
        "Severity": "Low",
        "Aliases": [],
        "FixedVersion": ""
      }
    },
    {
      "Package": {
        "ID": "285ea06abc1745e4",
        "Name": "openjdk-10-jre",
        "Version": "10.0.2-r0",
        "Type": "apk",
        "Location": "/.PKGINFO",
        "PURL": "pkg:apk/wolfi/openjdk-10-jre@10.0.2-r0?arch=x86_64\u0026origin=openjdk-10"
      },
      "Vulnerability": {
        "ID": "CVE-2024-21085",
        "Severity": "Low",
        "Aliases": [],
        "FixedVersion": ""
      }
    },
    {
      "Package": {
        "ID": "285ea06abc1745e4",
        "Name": "openjdk-10-jre",
        "Version": "10.0.2-r0",
        "Type": "apk",
        "Location": "/.PKGINFO",
        "PURL": "pkg:apk/wolfi/openjdk-10-jre@10.0.2-r0?arch=x86_64\u0026origin=openjdk-10"
      },
      "Vulnerability": {
        "ID": "CVE-2024-21094",
        "Severity": "Low",
        "Aliases": [],
        "FixedVersion": ""
      }
    }
  ],
  "GrypeDBStatus": {
    "built": "2024-06-11T01:29:53Z",
    "schemaVersion": 5,
    "location": "testdata/grypedb/5",
    "checksum": "sha256:d53b8f394bd155c9562f80d8b4128ff57b6e6fbfc122742454ad951363b9e05d",
    "error": null
  }
}
